{
  "switch": {
    "make": "dellemc",
    "model": "s5248f-on",
    "type": "TOR1",
    "hostname": "s46-r06-5248hl-6-1a",
    "version": "10.5.5.5",
    "firmware": "os10"
  },
  "vlans": [
    {
      "vlan_id": 2,
      "name": "UNUSED_VLAN"
    },
    {
      "vlan_id": 6,
      "name": "HNVPA_6",
      "interface": {
        "ip": "100.71.143.2",
        "cidr": 25,
        "mtu": 9216,
        "redundancy": {
          "type": "vrrp",
          "group": 6,
          "priority": 150,
          "virtual_ip": "100.71.143.1"
        }
      }
    },
    {
      "vlan_id": 7,
      "name": "Infra_7",
      "interface": {
        "ip": "100.68.148.2",
        "cidr": 24,
        "mtu": 9216,
        "redundancy": {
          "type": "vrrp",
          "group": 7,
          "priority": 150,
          "virtual_ip": "100.68.148.1"
        }
      }
    },
    {
      "vlan_id": 99,
      "name": "NativeVlan"
    },
    {
      "vlan_id": 125,
      "name": "BMC_Mgmt_125",
      "interface": {
        "ip": "100.71.12.123",
        "cidr": 26,
        "mtu": 9216,
        "redundancy": {
          "type": "vrrp",
          "group": 125,
          "priority": 150,
          "virtual_ip": "100.71.12.65"
        }
      }
    },
    {
      "vlan_id": 201,
      "name": "Tenant_201",
      "interface": {
        "ip": "100.68.149.2",
        "cidr": 24,
        "mtu": 9216,
        "redundancy": {
          "type": "vrrp",
          "group": 201,
          "priority": 150,
          "virtual_ip": "100.68.149.1"
        }
      }
    },
    {
      "vlan_id": 301,
      "name": "LogicalTenant_301",
      "interface": {
        "ip": "100.68.150.2",
        "cidr": 25,
        "mtu": 9216,
        "redundancy": {
          "type": "vrrp",
          "group": 301,
          "priority": 150,
          "virtual_ip": "100.68.150.1"
        }
      }
    },
    {
      "vlan_id": 401,
      "name": "DhcpTenant_401",
      "interface": {
        "ip": "100.68.150.130",
        "cidr": 25,
        "mtu": 9216,
        "redundancy": {
          "type": "vrrp",
          "group": 401,
          "priority": 150,
          "virtual_ip": "100.68.150.129"
        }
      }
    },
    {
      "vlan_id": 501,
      "name": "L3forward_501",
      "interface": {
        "ip": "100.68.151.2",
        "cidr": 28,
        "mtu": 9216,
        "redundancy": {
          "type": "vrrp",
          "group": 501,
          "priority": 150,
          "virtual_ip": "100.68.151.1"
        }
      }
    },
    {
      "vlan_id": 502,
      "name": "L3forward_502",
      "interface": {
        "ip": "100.68.151.18",
        "cidr": 28,
        "mtu": 9216,
        "redundancy": {
          "type": "vrrp",
          "group": 502,
          "priority": 150,
          "virtual_ip": "100.68.151.17"
        }
      }
    },
    {
      "vlan_id": 503,
      "name": "L3forward_503",
      "interface": {
        "ip": "100.68.151.34",
        "cidr": 28,
        "mtu": 9216,
        "redundancy": {
          "type": "vrrp",
          "group": 503,
          "priority": 150,
          "virtual_ip": "100.68.151.33"
        }
      }
    },
    {
      "vlan_id": 504,
      "name": "L3forward_504",
      "interface": {
        "ip": "100.68.151.50",
        "cidr": 28,
        "mtu": 9216,
        "redundancy": {
          "type": "vrrp",
          "group": 504,
          "priority": 150,
          "virtual_ip": "100.68.151.49"
        }
      }
    },
    {
      "vlan_id": 505,
      "name": "L3forward_505",
      "interface": {
        "ip": "100.68.151.66",
        "cidr": 28,
        "mtu": 9216,
        "redundancy": {
          "type": "vrrp",
          "group": 505,
          "priority": 150,
          "virtual_ip": "100.68.151.65"
        }
      }
    },
    {
      "vlan_id": 506,
      "name": "L3forward_506",
      "interface": {
        "ip": "100.68.151.82",
        "cidr": 28,
        "mtu": 9216,
        "redundancy": {
          "type": "vrrp",
          "group": 506,
          "priority": 150,
          "virtual_ip": "100.68.151.81"
        }
      }
    },
    {
      "vlan_id": 507,
      "name": "L3forward_507",
      "interface": {
        "ip": "100.68.151.98",
        "cidr": 28,
        "mtu": 9216,
        "redundancy": {
          "type": "vrrp",
          "group": 507,
          "priority": 150,
          "virtual_ip": "100.68.151.97"
        }
      }
    },
    {
      "vlan_id": 508,
      "name": "L3forward_508",
      "interface": {
        "ip": "100.68.151.114",
        "cidr": 28,
        "mtu": 9216,
        "redundancy": {
          "type": "vrrp",
          "group": 508,
          "priority": 150,
          "virtual_ip": "100.68.151.113"
        }
      }
    },
    {
      "vlan_id": 509,
      "name": "L3forward_509",
      "interface": {
        "ip": "100.68.151.130",
        "cidr": 28,
        "mtu": 9216,
        "redundancy": {
          "type": "vrrp",
          "group": 509,
          "priority": 150,
          "virtual_ip": "100.68.151.129"
        }
      }
    },
    {
      "vlan_id": 510,
      "name": "L3forward_510",
      "interface": {
        "ip": "100.68.151.145",
        "cidr": 28,
        "mtu": 9216,
        "redundancy": {
          "type": "vrrp",
          "group": 510,
          "priority": 150,
          "virtual_ip": "10.69.179.145"
        }
      }
    },
    {
      "vlan_id": 511,
      "name": "L3forward_511",
      "interface": {
        "ip": "100.68.151.162",
        "cidr": 28,
        "mtu": 9216,
        "redundancy": {
          "type": "vrrp",
          "group": 511,
          "priority": 150,
          "virtual_ip": "100.68.151.161"
        }
      }
    },
    {
      "vlan_id": 512,
      "name": "L3forward_512",
      "interface": {
        "ip": "100.68.151.178",
        "cidr": 28,
        "mtu": 9216,
        "redundancy": {
          "type": "vrrp",
          "group": 512,
          "priority": 150,
          "virtual_ip": "100.68.151.177"
        }
      }
    },
    {
      "vlan_id": 513,
      "name": "L3forward_513",
      "interface": {
        "ip": "100.68.151.194",
        "cidr": 28,
        "mtu": 9216,
        "redundancy": {
          "type": "vrrp",
          "group": 513,
          "priority": 150,
          "virtual_ip": "100.68.151.193"
        }
      }
    },
    {
      "vlan_id": 514,
      "name": "L3forward_514",
      "interface": {
        "ip": "100.68.151.210",
        "cidr": 28,
        "mtu": 9216,
        "redundancy": {
          "type": "vrrp",
          "group": 514,
          "priority": 150,
          "virtual_ip": "100.68.151.209"
        }
      }
    },
    {
      "vlan_id": 515,
      "name": "L3forward_515",
      "interface": {
        "ip": "100.68.151.226",
        "cidr": 28,
        "mtu": 9216,
        "redundancy": {
          "type": "vrrp",
          "group": 515,
          "priority": 150,
          "virtual_ip": "100.68.151.225"
        }
      }
    },
    {
      "vlan_id": 516,
      "name": "L3forward_516",
      "interface": {
        "ip": "100.68.151.242",
        "cidr": 28,
        "mtu": 9216,
        "redundancy": {
          "type": "vrrp",
          "group": 516,
          "priority": 150,
          "virtual_ip": "100.68.151.241"
        }
      }
    },
    {
      "vlan_id": 711,
      "name": "Storage_711_TOR1"
    },
    {
      "vlan_id": 712,
      "name": "Storage_711_TOR2"
    }
  ],
  "interfaces": [
    {
      "name": "Unused",
      "type": "Access",
      "description": "initial unused for all interfaces then config as defined",
      "intf_type": "Ethernet",
      "start_intf": "1/1/1",
      "end_intf": "1/1/56",
      "access_vlan": "2",
      "shutdown": true
    },
    {
      "name": "Loopback0",
      "type": "L3",
      "intf_type": "loopback",
      "intf": "loopback0",
      "ipv4": "100.71.12.21/32"
    },
    {
      "name": "P2P_Border1",
      "type": "L3",
      "intf_type": "Ethernet",
      "intf": "1/1/48",
      "ipv4": "100.71.12.2/30"
    },
    {
      "name": "P2P_Border2",
      "type": "L3",
      "intf_type": "Ethernet",
      "intf": "1/1/47",
      "ipv4": "100.71.12.10/30"
    },
    {
      "name": "Trunk_TO_BMC_SWITCH",
      "type": "Trunk",
      "intf_type": "Ethernet",
      "intf": "1/1/44",
      "native_vlan": "99",
      "tagged_vlans": "125"
    },
    {
      "name": "HyperConverged_To_Host",
      "type": "Trunk",
      "intf_type": "Ethernet",
      "start_intf": "1/1/1",
      "end_intf": "1/1/18",
      "native_vlan": "7",
      "tagged_vlans": "7,6,201,301,401,501,502,503,504,505,506,507,508,509,510,511,512,513,514,515,516,711",
      "service_policy": {
        "qos_input": "AZLOCAL-QOS-MAP"
      }
    }
  ],
  "port_channels": [
    {
      "id": 50,
      "description": "P2P_IBGP",
      "type": "L3",
      "ipv4": "100.71.12.17",
      "members": [
        "1/1/39",
        "1/1/40"
      ]
    },
    {
      "id": 101,
      "description": "ToR_Peer_Link",
      "type": "Trunk",
      "native_vlan": "99",
      "tagged_vlans": "",
      "members": [
        "1/1/49",
        "1/1/50",
        "1/1/51",
        "1/1/52"
      ]
    }
  ],
  "bgp": {
    "asn": 64556,
    "router_id": "100.71.12.21",
    "networks": [
      "100.71.12.2/30",
      "100.71.12.10/30",
      "100.71.12.21/32",
      "100.68.149.0/24",
      "100.68.150.0/25",
      "100.68.150.128/25",
      "100.68.151.0/28",
      "100.68.151.16/28",
      "100.68.151.32/28",
      "100.68.151.48/28",
      "100.68.151.64/28",
      "100.68.151.80/28",
      "100.68.151.96/28",
      "100.68.151.112/28",
      "100.68.151.128/28",
      "100.68.151.144/28",
      "100.68.151.160/28",
      "100.68.151.176/28",
      "100.68.151.192/28",
      "100.68.151.208/28",
      "100.68.151.224/28",
      "100.68.151.240/28"
    ],
    "neighbors": [
      {
        "ip": "100.71.12.1",
        "description": "TO_Border1",
        "remote_as": 64846,
        "af_ipv4_unicast": {
          "prefix_list_in": "DefaultRoute"
        }
      },
      {
        "ip": "100.71.12.9",
        "description": "TO_Border2",
        "remote_as": 64846,
        "af_ipv4_unicast": {
          "prefix_list_in": "DefaultRoute"
        }
      },
      {
        "ip": "100.71.12.18",
        "description": "iBGP_PEER",
        "remote_as": 64556,
        "af_ipv4_unicast": {}
      },
      {
        "ip": "100.71.143.0/25",
        "description": "TO_HNVPA",
        "remote_as": 65018,
        "update_source": "Loopback0",
        "ebgp_multihop": 3,
        "af_ipv4_unicast": {
          "prefix_list_out": "DefaultRoute"
        }
      }
    ]
  },
  "prefix_lists": {
    "DefaultRoute": [
      {
        "seq": 10,
        "action": "permit",
        "prefix": "0.0.0.0/0"
      },
      {
        "seq": 50,
        "action": "deny",
        "prefix": "0.0.0.0/0",
        "prefix_filter": "le 32"
      }
    ]
  },
  "qos": true
}